// Jest Snapshot v1, https://goo.gl/fbAQLP

exports[`instruments: getFullApiUrl function should return FullApiUrl 1`] = `"ApiUrl/GROUP_ID"`;

exports[`instruments: sum function should return an addition of two arguments passed 1`] = `9`;
